// Jest Snapshot v1, https://goo.gl/fbAQLP

exports[`should render 1`] = `
.c0 {
  background: transparent;
  border-radius: 3px;
  border: 2px solid #61DAFB;
  color: #61DAFB;
  font-weight: bold;
  margin: 0.5em 1em;
  padding: 0.25em 1em;
}

.c0:hover {
  cursor: pointer;
}

<button
  className="c0"
>
  btn
</button>
`;
